// Jest Snapshot v1, https://goo.gl/fbAQLP

exports[`ButtonRow renders correctly 1`] = `
<View
  style={
    Object {
      "flex": 1,
      "flexDirection": "row",
      "justifyContent": "space-between",
    }
  }
/>
`;
